Microchip MPLAB XC8 Compiler V1.38 ()

Linker command line:

--edf=F:\Program Files\Microchip\xc8\v1.38\dat\en_msgs.txt -cs \
  -h+dist/default/production\LCD_clock.X.production.sym \
  --cmf=dist/default/production\LCD_clock.X.production.cmf -z -Q16F877A \
  -oC:\Users\Sri\AppData\Local\Temp\slu0.2 \
  -Mdist/default/production/LCD_clock.X.production.map -E1 -ver=XC8 \
  -ASTACK=0110h-016fh -pstack=STACK -ACODE=00h-07FFhx4 -ASTRCODE=00h-01FFFh \
  -ASTRING=00h-0FFhx32 -ACONST=00h-0FFhx32 -AENTRY=00h-0FFhx32 \
  -ACOMMON=070h-07Fh -ABANK0=020h-06Fh -ABANK1=0A0h-0EFh \
  -ABANK2=0110h-016Fh -ABANK3=0190h-01EFh \
  -ARAM=020h-06Fh,0A0h-0EFh,0110h-016Fh,0190h-01EFh \
  -AABS1=020h-07Fh,0A0h-0EFh,0110h-016Fh,0190h-01EFh -ASFR0=00h-01Fh \
  -ASFR1=080h-09Fh -ASFR2=0100h-010Fh -ASFR3=0180h-018Fh \
  -preset_vec=00h,intentry,init,end_init -ppowerup=CODE -pcinit=CODE \
  -pfunctab=CODE -ACONFIG=02007h-02007h -pconfig=CONFIG -DCONFIG=2 \
  -AIDLOC=02000h-02003h -pidloc=IDLOC -DIDLOC=2 -AEEDATA=00h-0FFh/02100h \
  -peeprom_data=EEDATA -DEEDATA=2 -DCODE=2 -DSTRCODE=2 -DSTRING=2 -DCONST=2 \
  -DENTRY=2 -k C:\Users\Sri\AppData\Local\Temp\slu0.obj \
  dist/default/production\LCD_clock.X.production.obj 

Object code version is 3.11

Machine type is 16F877A



                Name                               Link     Load   Length Selector   Space Scale
C:\Users\Sri\AppData\Local\Temp\slu0.obj
                end_init                              0        0        3        0       0
dist/default/production\LCD_clock.X.production.obj
                cinit                               7FC      7FC        4      FF8       0
                text5                               677      677       33      CEE       0
                text4                               637      637       12      C6E       0
                text3                               6AA      6AA       4A      D54       0
                text2                               649      649       12      C92       0
                text1                               65B      65B       1C      CB6       0
                maintext                            6F4      6F4      108      DE8       0
                cstackBANK0                          20       20        C       20       1
                cstackCOMMON                         70       70        A       70       1
                strings                               3        3        F        6       0

TOTAL           Name                               Link     Load   Length     Space
        CLASS   STACK          

        CLASS   CODE           
                end_init                              0        0        3         0
                cinit                               7FC      7FC        4         0
                text5                               677      677       33         0
                text4                               637      637       12         0
                text3                               6AA      6AA       4A         0
                text2                               649      649       12         0
                text1                               65B      65B       1C         0
                maintext                            6F4      6F4      108         0

        CLASS   STRCODE        

        CLASS   STRING         
                strings                               3        3        F         0

        CLASS   CONST          

        CLASS   ENTRY          

        CLASS   COMMON         
                cstackCOMMON                         70       70        A         1

        CLASS   BANK0          
                cstackBANK0                          20       20        C         1

        CLASS   BANK1          

        CLASS   BANK2          

        CLASS   BANK3          

        CLASS   RAM            

        CLASS   ABS1           
                abs_s1                               7E       7E        2         1

        CLASS   SFR0           

        CLASS   SFR1           

        CLASS   SFR2           

        CLASS   SFR3           

        CLASS   CONFIG         

        CLASS   IDLOC          

        CLASS   EEDATA         



SEGMENTS        Name                           Load    Length   Top    Selector   Space  Class     Delta

                reset_vec                      000000  000003  000003         0       0  CODE        2
                strings                        000003  00000F  000012         6       0  STRING      2
                cstackBANK0                    000020  00000C  00002C        20       1  BANK0       1
                cstackCOMMON                   000070  00000A  00007A        70       1  COMMON      1
                text4                          000637  000012  000649       C6E       0  CODE        2
                text2                          000649  000012  00065B       C92       0  CODE        2
                text1                          00065B  00001C  000677       CB6       0  CODE        2
                text5                          000677  000033  0006AA       CEE       0  CODE        2
                text3                          0006AA  00004A  0006F4       D54       0  CODE        2
                maintext                       0006F4  000108  0007FC       DE8       0  CODE        2
                cinit                          0007FC  000004  000800       FF8       0  CODE        2


UNUSED ADDRESS RANGES

        Name                Unused          Largest block    Delta
        BANK0            002C-006F             44           1
        BANK1            00A0-00EF             50           1
        BANK2            0110-016F             60           1
        BANK3            0190-01EF             60           1
        CODE             0012-0636            625           2
                         0800-1FFF            800
        COMMON           007A-007D              4           1
        CONFIG           2007-2007              1           2
        CONST            0012-0636            100           2
                         0800-1FFF            100
        EEDATA           2100-21FF            100           2
        ENTRY            0012-0636            100           2
                         0800-1FFF            100
        IDLOC            2000-2003              4           2
        RAM              002C-006F             44           1
                         00A0-00EF             50
                         0110-016F             60
                         0190-01EF             60
        SFR0             0000-001F             20           1
        SFR1             0080-009F             20           1
        SFR2             0100-010F             10           1
        SFR3             0180-018F             10           1
        STACK            0110-016F             60           1
        STRCODE          0012-0636            625           2
                         0800-1FFF           1800
        STRING           0012-0636            100           2
                         0800-1FFF            100

                                  Symbol Table

_ADCON1                  (abs)        009F
_PORTD                   (abs)        0008
_PORTE                   (abs)        0009
_RE0                     (abs)        0048
_RE2                     (abs)        004A
_TRISD                   (abs)        0088
_TRISE                   (abs)        0089
__Habs1                  abs1         0000
__Hbank0                 bank0        0000
__Hbank1                 bank1        0000
__Hbank2                 bank2        0000
__Hbank3                 bank3        0000
__Hcinit                 cinit        0800
__Hclrtext               clrtext      0000
__Hcode                  code         0000
__Hcommon                common       0000
__Hconfig                config       0000
__HcstackBANK0           cstackBANK0  0000
__HcstackCOMMON          cstackCOMMON 0000
__Heeprom_data           eeprom_data  0000
__Hend_init              end_init     0003
__Hfunctab               functab      0000
__Hidloc                 idloc        0000
__Hinit                  init         0000
__Hintentry              intentry     0000
__Hmaintext              maintext     0000
__Hpowerup               powerup      0000
__Hram                   ram          0000
__Hreset_vec             reset_vec    0000
__Hsfr0                  sfr0         0000
__Hsfr1                  sfr1         0000
__Hsfr2                  sfr2         0000
__Hsfr3                  sfr3         0000
__Hspace_0               (abs)        0800
__Hspace_1               (abs)        007A
__Hspace_2               (abs)        0000
__Hspace_3               (abs)        0000
__Hstack                 stack        0000
__Hstrings               strings      0000
__Htext                  text         0000
__Labs1                  abs1         0000
__Lbank0                 bank0        0000
__Lbank1                 bank1        0000
__Lbank2                 bank2        0000
__Lbank3                 bank3        0000
__Lcinit                 cinit        07FC
__Lclrtext               clrtext      0000
__Lcode                  code         0000
__Lcommon                common       0000
__Lconfig                config       0000
__LcstackBANK0           cstackBANK0  0000
__LcstackCOMMON          cstackCOMMON 0000
__Leeprom_data           eeprom_data  0000
__Lend_init              end_init     0000
__Lfunctab               functab      0000
__Lidloc                 idloc        0000
__Linit                  init         0000
__Lintentry              intentry     0000
__Lmaintext              maintext     0000
__Lpowerup               powerup      0000
__Lram                   ram          0000
__Lreset_vec             reset_vec    0000
__Lsfr0                  sfr0         0000
__Lsfr1                  sfr1         0000
__Lsfr2                  sfr2         0000
__Lsfr3                  sfr3         0000
__Lspace_0               (abs)        0000
__Lspace_1               (abs)        0000
__Lspace_2               (abs)        0000
__Lspace_3               (abs)        0000
__Lstack                 stack        0000
__Lstrings               strings      0000
__Ltext                  text         0000
__S0                     (abs)        0800
__S1                     (abs)        007A
__S2                     (abs)        0000
__S3                     (abs)        0000
___int_sp                stack        0000
___latbits               (abs)        0002
___sp                    stack        0000
__end_of__initialization cinit        07FC
__end_of__stringtab      strings      0009
__end_of_chartolcd       text2        065B
__end_of_command         text4        0649
__end_of_delay           text5        06AA
__end_of_init            text3        06F4
__end_of_main            maintext     07FC
__end_of_stringtolcd     text1        0677
__initialization         cinit        07FC
__pcstackBANK0           cstackBANK0  0020
__pcstackCOMMON          cstackCOMMON 0070
__pmaintext              maintext     06F4
__pstrings               strings      0003
__ptext1                 text1        065B
__ptext2                 text2        0649
__ptext3                 text3        06AA
__ptext4                 text4        0637
__ptext5                 text5        0677
__size_of_chartolcd      (abs)        0000
__size_of_command        (abs)        0000
__size_of_delay          (abs)        0000
__size_of_init           (abs)        0000
__size_of_main           (abs)        0000
__size_of_stringtolcd    (abs)        0000
__stringbase             strings      0008
__stringtab              strings      0003
_chartolcd               text2        0649
_command                 text4        0637
_delay                   text5        0677
_init                    text3        06AA
_main                    maintext     06F4
_stringtolcd             text1        065B
btemp                    (abs)        007E
chartolcd@x              cstackCOMMON 0077
command@y                cstackCOMMON 0077
delay@i                  cstackCOMMON 0075
delay@j                  cstackCOMMON 0073
delay@n                  cstackCOMMON 0070
end_of_initialization    cinit        07FC
intlevel0                functab      0000
intlevel1                functab      0000
intlevel2                functab      0000
intlevel3                functab      0000
intlevel4                functab      0000
intlevel5                functab      0000
ltemp                    (abs)        007E
ltemp0                   (abs)        007E
ltemp1                   (abs)        0082
ltemp2                   (abs)        0086
ltemp3                   (abs)        0080
main@hr                  cstackBANK0  002A
main@hr1                 cstackBANK0  0020
main@min                 cstackBANK0  0024
main@min1                cstackBANK0  0022
main@sec                 cstackBANK0  0028
main@sec1                cstackBANK0  0026
reset_vec                reset_vec    0000
stackhi                  (abs)        0000
stacklo                  (abs)        0000
start                    init         0000
start_initialization     cinit        07FC
stringtolcd@c            cstackCOMMON 0079
ttemp                    (abs)        007E
ttemp0                   (abs)        007E
ttemp1                   (abs)        0081
ttemp2                   (abs)        0084
ttemp3                   (abs)        0087
ttemp4                   (abs)        007F
wtemp                    (abs)        007E
wtemp0                   (abs)        007E
wtemp1                   (abs)        0080
wtemp2                   (abs)        0082
wtemp3                   (abs)        0084
wtemp4                   (abs)        0086
wtemp5                   (abs)        0088
wtemp6                   (abs)        007F


FUNCTION INFORMATION:

 *************** function _main *****************
 Defined at:
		line 18 in file "../my_demo.X/PIC16F877A- C files/lcd_clock.c"
 Parameters:    Size  Location     Type
		None
 Auto vars:     Size  Location     Type
  hr              2   10[BANK0 ] int 
  sec             2    8[BANK0 ] int 
  sec1            2    6[BANK0 ] int 
  min             2    4[BANK0 ] int 
  min1            2    2[BANK0 ] int 
  hr1             2    0[BANK0 ] int 
 Return value:  Size  Location     Type
                  1    wreg      void 
 Registers used:
		wreg, fsr0l, fsr0h, status,2, status,0, btemp+1, pclath, cstack
 Tracked objects:
		On entry : 
		On exit  : 
		Unchanged: 
 Data sizes:     COMMON   BANK0   BANK1   BANK3   BANK2
      Params:         0       0       0       0       0
      Locals:         0      12       0       0       0
      Temps:          0       0       0       0       0
      Totals:         0      12       0       0       0
Total ram usage:       12 bytes
 Hardware stack levels required when called:    3
 This function calls:
		_chartolcd
		_command
		_delay
		_init
		_stringtolcd
 This function is called by:
		Startup code after reset
 This function uses a non-reentrant model


 *************** function _stringtolcd *****************
 Defined at:
		line 115 in file "../my_demo.X/PIC16F877A- C files/lcd_clock.c"
 Parameters:    Size  Location     Type
  c               1    wreg     PTR unsigned char 
		 -> STR_1(9), 
 Auto vars:     Size  Location     Type
  c               1    9[COMMON] PTR unsigned char 
		 -> STR_1(9), 
 Return value:  Size  Location     Type
                  1    wreg      void 
 Registers used:
		wreg, fsr0l, fsr0h, status,2, status,0, btemp+1, pclath, cstack
 Tracked objects:
		On entry : 
		On exit  : 
		Unchanged: 
 Data sizes:     COMMON   BANK0   BANK1   BANK3   BANK2
      Params:         0       0       0       0       0
      Locals:         1       0       0       0       0
      Temps:          1       0       0       0       0
      Totals:         2       0       0       0       0
Total ram usage:        2 bytes
 Hardware stack levels used:    1
 Hardware stack levels required when called:    2
 This function calls:
		_chartolcd
 This function is called by:
		_main
 This function uses a non-reentrant model


 *************** function _chartolcd *****************
 Defined at:
		line 107 in file "../my_demo.X/PIC16F877A- C files/lcd_clock.c"
 Parameters:    Size  Location     Type
  x               1    wreg     unsigned char 
 Auto vars:     Size  Location     Type
  x               1    7[COMMON] unsigned char 
 Return value:  Size  Location     Type
                  1    wreg      void 
 Registers used:
		wreg, status,2, status,0, btemp+1, pclath, cstack
 Tracked objects:
		On entry : 
		On exit  : 
		Unchanged: 
 Data sizes:     COMMON   BANK0   BANK1   BANK3   BANK2
      Params:         0       0       0       0       0
      Locals:         1       0       0       0       0
      Temps:          0       0       0       0       0
      Totals:         1       0       0       0       0
Total ram usage:        1 bytes
 Hardware stack levels used:    1
 Hardware stack levels required when called:    1
 This function calls:
		_delay
 This function is called by:
		_main
		_stringtolcd
 This function uses a non-reentrant model


 *************** function _init *****************
 Defined at:
		line 86 in file "../my_demo.X/PIC16F877A- C files/lcd_clock.c"
 Parameters:    Size  Location     Type
		None
 Auto vars:     Size  Location     Type
		None
 Return value:  Size  Location     Type
                  1    wreg      void 
 Registers used:
		wreg, status,2, status,0, btemp+1, pclath, cstack
 Tracked objects:
		On entry : 
		On exit  : 
		Unchanged: 
 Data sizes:     COMMON   BANK0   BANK1   BANK3   BANK2
      Params:         0       0       0       0       0
      Locals:         0       0       0       0       0
      Temps:          0       0       0       0       0
      Totals:         0       0       0       0       0
Total ram usage:        0 bytes
 Hardware stack levels used:    1
 Hardware stack levels required when called:    2
 This function calls:
		_command
		_delay
 This function is called by:
		_main
 This function uses a non-reentrant model


 *************** function _command *****************
 Defined at:
		line 99 in file "../my_demo.X/PIC16F877A- C files/lcd_clock.c"
 Parameters:    Size  Location     Type
  y               1    wreg     unsigned char 
 Auto vars:     Size  Location     Type
  y               1    7[COMMON] unsigned char 
 Return value:  Size  Location     Type
                  1    wreg      void 
 Registers used:
		wreg, status,2, status,0, btemp+1, pclath, cstack
 Tracked objects:
		On entry : 
		On exit  : 
		Unchanged: 
 Data sizes:     COMMON   BANK0   BANK1   BANK3   BANK2
      Params:         0       0       0       0       0
      Locals:         1       0       0       0       0
      Temps:          0       0       0       0       0
      Totals:         1       0       0       0       0
Total ram usage:        1 bytes
 Hardware stack levels used:    1
 Hardware stack levels required when called:    1
 This function calls:
		_delay
 This function is called by:
		_main
		_init
 This function uses a non-reentrant model


 *************** function _delay *****************
 Defined at:
		line 122 in file "../my_demo.X/PIC16F877A- C files/lcd_clock.c"
 Parameters:    Size  Location     Type
  n               2    0[COMMON] int 
 Auto vars:     Size  Location     Type
  i               2    5[COMMON] int 
  j               2    3[COMMON] int 
 Return value:  Size  Location     Type
                  1    wreg      void 
 Registers used:
		wreg, status,2, btemp+1
 Tracked objects:
		On entry : 
		On exit  : 
		Unchanged: 
 Data sizes:     COMMON   BANK0   BANK1   BANK3   BANK2
      Params:         2       0       0       0       0
      Locals:         4       0       0       0       0
      Temps:          1       0       0       0       0
      Totals:         7       0       0       0       0
Total ram usage:        7 bytes
 Hardware stack levels used:    1
 This function calls:
		Nothing
 This function is called by:
		_main
		_init
		_command
		_chartolcd
 This function uses a non-reentrant model



MODULE INFORMATION

Module		Function		Class		Link	Load	Size
shared
		__stringtab    		STRING         	0003	0000	7
		__initialization		CODE           	07FC	0000	1

shared estimated size: 8

../my_demo.X/PIC16F877A- C files/lcd_clock.c
		_init          		CODE           	06AA	0000	75
		_delay         		CODE           	0677	0000	52
		_main          		CODE           	06F4	0000	265
		_chartolcd     		CODE           	0649	0000	19
		_command       		CODE           	0637	0000	19
		_stringtolcd   		CODE           	065B	0000	29

../my_demo.X/PIC16F877A- C files/lcd_clock.c estimated size: 459

